
                                             █████████                                  █████
                                            ███░░░░░███                                ░░███
      ██████  ████████   ██████  ████████  ░███    ░░░   ████████ █████ ████  ██████   ███████
     ███░░███░░███░░███ ███░░███░░███░░███ ░░█████████  ███░░███ ░░███ ░███  ░░░░░███ ░░░███░
    ░███ ░███ ░███ ░███░███████  ░███ ░███  ░░░░░░░░███░███ ░███  ░███ ░███   ███████   ░███
    ░███ ░███ ░███ ░███░███░░░   ░███ ░███  ███    ░███░███ ░███  ░███ ░███  ███░░███   ░███ ███
    ░░██████  ░███████ ░░██████  ████ █████░░█████████ ░░███████  ░░████████░░████████  ░░█████
     ░░░░░░   ░███░░░   ░░░░░░  ░░░░ ░░░░░  ░░░░░░░░░   ░░░░░███   ░░░░░░░░  ░░░░░░░░    ░░░░░
              ░███                                          ░███
              █████                                         █████
             ░░░░░                                         ░░░░░
                    (c) openSquat - https://opensquat.com
    
			version 2.3.0

+---------- Checking Domain Squatting ----------+
[*] Checking for the latest feeds...
[*] Downloading fresh domain list: https://feeds.opensquat.com/opensquat-nrd-latest.txt
[*] Download volume: 1.85 MB
[*] keywords: keywords.txt
[*] keywords total: 1
[*] Total domains: 100,000
[*] Threshold: high confidence
[+] Starting Domain Squatting verification for 'test' [1/1]

[*] Verifying keyword: test [ 1 / 1 ]
[+] Found 91dytest.com 
[+] Found a1-uniqueip-autotest.shop 
[+] Found a2-uniqueip-autotest.shop 
[+] Found a5-uniqueip-autotest.shop 
[+] Found aboutechs-keeper-test.shop 
[+] Found aegisforge-test.xyz 
[+] Found aitestengineering.com 
[+] Found allamericaninspectionsandtesting.biz 
[+] Found allmytesting.com 
[+] Found americastestkitchencookingschool.com 
[+] Found apexbytestudio.com 
[+] Found astuceintestinal.shop 
[+] Found atlantamoldtestingandremediation.com 
[+] Found attestrasolutions.online 
[+] Found beautifulhomesgreatestatesdesign.com 
[+] Found boardgametesting.com 
[+] Found bongtest.fun 
[+] Found bookingtest51.ru 
[+] Found boye-app-latest.com.cn 
[+] Found brightestflashlightever.com 
[+] Found buydnatest.com 
[+] Found bytestead.com 
[+] Found carboncreditsoneclimatestandards.com 
[+] Found cartest.shop 
[+] Found cc-test.online 
[+] Found certified-pentest.shop 
[+] Found certifiedmaterialtestingproducts.com 
[+] Found checkingtestingssoaftermigration.online 
[+] Found checkmatestationery.com 
[+] Found cloudflaretest.asia 
[+] Found collineartest.info 
[+] Found consolidationprivatestudentloans.com 
[+] Found constructestimateexperts.com 
[+] Found constructestimateplus.com 
[+] Found constructestimatepro.com 
[+] Found constructestimateservice.com 
[+] Found constructestimateservices.com 
[+] Found constructestimateshub.com 
[+] Found constructestimatesolutions.com 
[+] Found constructestimatings.com 
[+] Found constructestimator.com 
[+] Found constructionmaterialstestingjobs.com 
[+] Found conversationsaboutestateplanning.com 
[+] Found cooperativadetransportestresases.com 
[+] Found cortestudios.com 
[+] Found devopstesting.fun 
[+] Found dnsdomainonlytest.shop 
[+] Found dodoautomationtest.shop 
[+] Found domain-test-test.ru 
[+] Found doxcraftestate.shop 
[+] Found drgntest7788.com 
[+] Found edutestia.com 
[+] Found elitestartupvision.com 
[+] Found eltest1ngweb.com 
[+] Found epp-creation-test-2026-08-22-03.online 
[+] Found epp-creation-test-2026-08-22-07.online 
[+] Found epp-creation-test-2026-08-22-17.online 
[+] Found epp-creation-test-2026-08-23-01.online 
[+] Found eriezadevtest.xyz 
[+] Found eyetestgame.com 
[+] Found facingmetestaticcolorectalcancer.biz 
[+] Found facingmetestaticcolorectalcancer.com 
[+] Found facingmetestaticcolorectalcancer.org 
[+] Found fastestkitchen.com 
[+] Found fastestsql.com 
[+] Found financetester.com 
[+] Found fiveminutestobettercommunication.com 
[+] Found fromtesttotrust.com 
[+] Found g1drivingtestontario.ca 
[+] Found giftedtestingevaluationsaventura.com 
[+] Found gktests.in 
[+] Found godsgrestestconceptsandcreations.com 
[+] Found gooseglobalmediatestingsite22026.com 
[+] Found greatest.business 
[+] Found greatestentertainerthateverlived.com 
[+] Found greatesthistoricalthinkersquotes.com 
[+] Found greatestrealestateagentofalltime.com 
[+] Found greatestthingonasticksincechrist.com 
[+] Found hitlab-test.shop 
[+] Found homeselectestates.com 
[+] Found houstonasbestosremovalandtesting.com 
[+] Found hybriddevtest.com 
[+] Found infernohotpilatesteachertraining.com 
[+] Found infernohotpilatesteachertraining.org 
[+] Found jacuzzi-test.pl 
[+] Found justfortesting.me.uk 
[+] Similarity detected between test and kest.fun (high confidence)
>> Progress: 50.0 %
[+] Found latestfits.com 
[+] Found latestuploadsfrompopularchannels.com 
[+] Found loudertest.uk 
[+] Found lycantesting.com 
[+] Found mainstreetestatesalesofminnesota.com 
[+] Found mainstreetestatesalesofminnesota.info 
[+] Found mainstreetestatesalesofminnesota.net 
[+] Found marketest.xyz 
[+] Found masters-test.ru 
[+] Found memorybloodtest.com 
[+] Found memorybloodtesting.com 
[+] Found modeltest.biz 
[+] Found mountainstatestransformerservice.org 
[+] Found mrswhitestutoring.com 
[+] Found mytest000000000007.xyz 
[+] Found mytestcrm.tech 
[+] Found naplestestosterone.com 
[+] Found nexustest.shop 
[+] Found nortestudiobr.com 
[+] Found novointestino.shop 
[+] Found orderjuliasrestaurantesteakhouse.com 
[+] Found outdoorartikelengetest.nl 
[+] Found pasadenaprivatestrategicadvisors.com 
[+] Found passletest.com 
[+] Found pensartestudio.com 
[+] Found pensartestudio.store 
[+] Found pgadmintest.website 
[+] Found pricetestcafe.shop 
[+] Found publicprivatestrategiesinstitute.org 
[+] Found qatestsnehfggf.space 
[+] Found quantestates.xyz 
[+] Found qwpautotest01.shop 
[+] Found raisetestscoresandschoolfundstoo.com 
[+] Found recitestamp.com 
[+] Found regedit20080403testrun122610test.org 
[+] Found registered-dsi-test.com 
[+] Found renovationsarticlescourscontests.org 
[+] Found roguetest.com 
[+] Found roughridermarchingcontest.com 
[+] Found sailonetest.online 
[+] Found sandiegoenvironmentalmoldtesting.com 
[+] Found screamingcatstudiostestingdomain.online 
[+] Found sdgkmdfklgmdfg-test-amitloshuk.ru 
[+] Found sdnkjsdngkjdnjgdf-test-amitloshuk.ru 
[+] Found sdnkjsdngkjdnjgdf-test-amitloshuk1.ru 
[+] Found seo-test.shop 
[+] Found sitestash.co 
[+] Found sitetests.co 
[+] Found smartestbots.com 
[+] Found socialengineeringpenetrationtest.com 
[+] Found socialengineeringpenetrationtest.info 
[+] Found socialengineeringpenetrationtest.net 
[+] Found sosfuitestoitpujaudrandemoussage.ovh 
[+] Found spartanmenshealthandtestosterone.com 
[+] Found ssltest.uk 
[+] Found statestreetentertainmentdistrict.com 
[+] Found stitestclinics.com 
[+] Found straumannapacemdogaincasecontest.com 
[+] Found syntechtest.ru 
[+] Found tendenciesprotestscomprehensions.org 
[+] Found test-esia-register-15.ru 
[+] Found test-ng-sports.com.cn 
[+] Found test-nonocichkaug21.net 
[+] Found test-qr.shop 
[+] Found test303.com 
[+] Found testabledb.com 
[+] Found testadaglobal.shop 
[+] Found testady.com 
[+] Found testamonia.com 
[+] Found testbright.shop 
[+] Found testbusiness897656.xyz 
[+] Found testcafe.shop 
[+] Found testdomain123456789.com 
[+] Found testdrive.shop 
[+] Found teste3tcp.shop 
[+] Found testecpflimporegistrobr.com 
[+] Found testelesier.com 
[+] Found testest000.win 
[+] Similarity detected between test and testh.cfd (high confidence)
[+] Found testimo.studio 
[+] Found testimoney.shop 
[+] Found testimonial-flow.com 
[+] Found testimonialprosadvertisingemails.info 
[+] Found testimtesto.ru 
[+] Found testing-littleridge.online 
[+] Found testing-nh.ch 
[+] Found testing123.shop 
[+] Found testingbigaccountcooldomainname2.info 
[+] Found testingbigaccountcooldomainname4.info 
[+] Found testinggusano.com 
[+] Found testingworkflow.com 
[+] Found testmultipledomainsnameservers01.shop 
[+] Found testmultipledomainsnameservers03.shop 
[+] Found testmultipledomainsnameservers04.shop 
[+] Found testmydomain.shop 
[+] Found testobluemaleenhancementcapsules.com 
[+] Found testoria.online 
[+] Found testosteronereplacementtreatment.org 
[+] Found testout.shop 
[+] Found testoutboundemails.info 
[+] Found testposhtechnologiesincorporated.com 
[+] Found testprepreviews.shop 
[+] Found testsitets.xyz 
[+] Found testsubjectresults.com 
[+] Found testsyst.ru 
[+] Found testteamtrueupeventnotificateion.com 
[+] Found testxyz123.com 
[+] Found the-tested-one.ch 
[+] Found thelatestfashion.shop 
[+] Found thelatestmonkscollective.com 
[+] Found thetestosteronereplacementclinic.com 
[+] Found thevotestrongbrand.com 
[+] Found tiendateste.site 
[+] Found timberlinetestprep.com 
[+] Found unitedstatesvanlinestestimonials.com 
[+] Found url-test.com 
[+] Found voice-range-test.com 
[+] Found walter-test.click 
[+] Found webtestingdomain.site 
[+] Found whitestones.uk 
[+] Found wpress-dnstestbed.com 
[+] Found yhtest.shop 



+---------- Summary Squatting ----------+
[*] Domains flagged: 209
[*] Domains result: results.txt
[*] Running time: 12.95 seconds

